// Jest Snapshot v1, https://goo.gl/fbAQLP

exports[`Render OrderListItemHeader should match snapshot 1`] = `
"<div className=\\"row header\\">
  <div className=\\"row-left\\">
    <div>
      Order id
    </div>
    <div>
      Customer id
    </div>
  </div>
  <div className=\\"row-right\\">
    <div>
      Total
    </div>
    <div>
      Order detail
    </div>
  </div>
</div>"
`;
