// Jest Snapshot v1, https://goo.gl/fbAQLP

exports[`OrderItem rendering for a given state from redux store: An OrderItem for an invalid product should match snapshot 1`] = `null`;

exports[`OrderItem rendering for a given state from redux store: An OrderItem should match snapshot 1`] = `
"<li>
  <span className=\\"orderitem-product-description\\">
    Product one
  </span>
  :
  <span className=\\"orderitem-quantity\\">
    3
  </span>
   x $
  3.00
   = $
  9.00
  <input className=\\"orderitem-button-delete\\" type=\\"button\\" value=\\"x\\" onClick={[Function]} />
</li>"
`;
