// Jest Snapshot v1, https://goo.gl/fbAQLP

exports[`OrderItem rendering for a given state from redux store: An OrderItem for an invalid product should match snapshot 1`] = `null`;

exports[`OrderItem rendering for a given state from redux store: An OrderItem should match snapshot 1`] = `
<li>
  <span
    className="orderitem-product-description"
  >
    some product
  </span>
  :
  <span
    className="orderitem-quantity"
  >
    3
  </span>
   x $
  10.99
   = $
  32.97
  <input
    onClick={[Function]}
    type="button"
    value="x"
  />
</li>
`;
